// Jest Snapshot v1, https://goo.gl/fbAQLP

exports[`default tasks 1`] = `
Object {
  "//": "~~ Generated by projen. To modify, edit .projenrc.js and run \\"npx projen\\".",
  "tasks": Object {
    "build": Object {
      "description": "Full release build",
      "name": "build",
      "steps": Array [
        Object {
          "spawn": "default",
        },
        Object {
          "spawn": "precompile",
        },
        Object {
          "spawn": "compile",
        },
        Object {
          "spawn": "postcompile",
        },
        Object {
          "spawn": "test",
        },
        Object {
          "spawn": "package",
        },
      ],
    },
    "compile": Object {
      "description": "Only compile",
      "name": "compile",
    },
    "default": Object {
      "description": "Synthesize project files",
      "name": "default",
    },
    "package": Object {
      "description": "Creates the distribution package",
      "name": "package",
    },
    "postcompile": Object {
      "description": "Runs after successful compilation",
      "name": "postcompile",
    },
    "precompile": Object {
      "description": "Prepare the project for compilation",
      "name": "precompile",
    },
    "test": Object {
      "description": "Run tests",
      "name": "test",
    },
  },
}
`;
